MTIMER_Prog.c:62:25:LOC_GET_TIMER	64	static
MTIMER_Prog.c:80:6:MTIMER_vStartTime	24	static
MTIMER_Prog.c:111:6:MTIMER_vCntTimer	24	static
MTIMER_Prog.c:138:6:MTIMER_vDelayms	24	static
MTIMER_Prog.c:192:5:MTIMER_f32GetElapsedTime	24	static
MTIMER_Prog.c:218:5:MTIMER_u32GetElapsedTicks	24	static
MTIMER_Prog.c:245:6:MTIMER_vPeriodicMS	24	static
MTIMER_Prog.c:284:6:MTIMER_vEXTCNTClock	24	static
MTIMER_Prog.c:332:6:MTIMER_vClearCNT	24	static
MTIMER_Prog.c:341:6:MTIMER_vPWM	32	static
MTIMER_Prog.c:389:6:MTIMER_vICU	24	static
MTIMER_Prog.c:444:13:LOC_TIMER_ICU	32	static
MTIMER_Prog.c:494:5:MTIMER_GET_ICU	16	static
MTIMER_Prog.c:511:6:MTIMER_CallBack	16	static
MTIMER_Prog.c:524:6:TIM1_UP_TIM10_IRQHandler	8	static
MTIMER_Prog.c:573:6:TIM1_TRG_COM_TIM11_IRQHandler	8	static
MTIMER_Prog.c:614:6:TIM1_BRK_TIM9_IRQHandler	16	static
MTIMER_Prog.c:661:6:TIM1_CC_IRQHandler	16	static
MTIMER_Prog.c:687:6:TIM2_IRQHandler	16	static
MTIMER_Prog.c:727:6:TIM3_IRQHandler	16	static
MTIMER_Prog.c:767:6:TIM4_IRQHandler	16	static
MTIMER_Prog.c:807:6:TIM5_IRQHandler	16	static
