MUSART_Program.c:34:6:MUART_Enable	24	static
MUSART_Program.c:71:6:MUART_Init	16	static
MUSART_Program.c:108:6:MUART_Disable	24	static
MUSART_Program.c:114:6:MUART_Send_Byte	24	static
MUSART_Program.c:121:6:MUART_Send_Data	24	static
MUSART_Program.c:135:4:MUART_Receive_Byte	24	static
MUSART_Program.c:147:4:MUART_Receive_Data	24	static
MUSART_Program.c:155:11:Get_UART	24	static
MUSART_Program.c:170:6:MUART_vSetRxCallBackFunc	16	static
MUSART_Program.c:185:6:USART1_IRQHandler	8	static
MUSART_Program.c:190:6:USART2_IRQHandler	8	static
MUSART_Program.c:195:6:USART6_IRQHandler	8	static
