Archive member included to satisfy reference by file (symbol)

c:/st/stm32cubeide_1.4.0/stm32cubeide/plugins/com.st.stm32cube.ide.mcu.externaltools.gnu-tools-for-stm32.7-2018-q2-update.win32_1.4.0.202007081208/tools/bin/../lib/gcc/arm-none-eabi/7.3.1/../../../../arm-none-eabi/lib/thumb/v7e-m/fpv4-sp/hard\libc_nano.a(lib_a-errno.o)
                              Src/syscalls.o (__errno)
c:/st/stm32cubeide_1.4.0/stm32cubeide/plugins/com.st.stm32cube.ide.mcu.externaltools.gnu-tools-for-stm32.7-2018-q2-update.win32_1.4.0.202007081208/tools/bin/../lib/gcc/arm-none-eabi/7.3.1/../../../../arm-none-eabi/lib/thumb/v7e-m/fpv4-sp/hard\libc_nano.a(lib_a-exit.o)
                              c:/st/stm32cubeide_1.4.0/stm32cubeide/plugins/com.st.stm32cube.ide.mcu.externaltools.gnu-tools-for-stm32.7-2018-q2-update.win32_1.4.0.202007081208/tools/bin/../lib/gcc/arm-none-eabi/7.3.1/../../../../arm-none-eabi/lib/thumb/v7e-m/fpv4-sp/hard/crt0.o (exit)
c:/st/stm32cubeide_1.4.0/stm32cubeide/plugins/com.st.stm32cube.ide.mcu.externaltools.gnu-tools-for-stm32.7-2018-q2-update.win32_1.4.0.202007081208/tools/bin/../lib/gcc/arm-none-eabi/7.3.1/../../../../arm-none-eabi/lib/thumb/v7e-m/fpv4-sp/hard\libc_nano.a(lib_a-impure.o)
                              c:/st/stm32cubeide_1.4.0/stm32cubeide/plugins/com.st.stm32cube.ide.mcu.externaltools.gnu-tools-for-stm32.7-2018-q2-update.win32_1.4.0.202007081208/tools/bin/../lib/gcc/arm-none-eabi/7.3.1/../../../../arm-none-eabi/lib/thumb/v7e-m/fpv4-sp/hard\libc_nano.a(lib_a-exit.o) (_global_impure_ptr)
c:/st/stm32cubeide_1.4.0/stm32cubeide/plugins/com.st.stm32cube.ide.mcu.externaltools.gnu-tools-for-stm32.7-2018-q2-update.win32_1.4.0.202007081208/tools/bin/../lib/gcc/arm-none-eabi/7.3.1/../../../../arm-none-eabi/lib/thumb/v7e-m/fpv4-sp/hard\libc_nano.a(lib_a-init.o)
                              c:/st/stm32cubeide_1.4.0/stm32cubeide/plugins/com.st.stm32cube.ide.mcu.externaltools.gnu-tools-for-stm32.7-2018-q2-update.win32_1.4.0.202007081208/tools/bin/../lib/gcc/arm-none-eabi/7.3.1/../../../../arm-none-eabi/lib/thumb/v7e-m/fpv4-sp/hard/crt0.o (__libc_init_array)
c:/st/stm32cubeide_1.4.0/stm32cubeide/plugins/com.st.stm32cube.ide.mcu.externaltools.gnu-tools-for-stm32.7-2018-q2-update.win32_1.4.0.202007081208/tools/bin/../lib/gcc/arm-none-eabi/7.3.1/../../../../arm-none-eabi/lib/thumb/v7e-m/fpv4-sp/hard\libc_nano.a(lib_a-memset.o)
                              c:/st/stm32cubeide_1.4.0/stm32cubeide/plugins/com.st.stm32cube.ide.mcu.externaltools.gnu-tools-for-stm32.7-2018-q2-update.win32_1.4.0.202007081208/tools/bin/../lib/gcc/arm-none-eabi/7.3.1/../../../../arm-none-eabi/lib/thumb/v7e-m/fpv4-sp/hard/crt0.o (memset)
c:/st/stm32cubeide_1.4.0/stm32cubeide/plugins/com.st.stm32cube.ide.mcu.externaltools.gnu-tools-for-stm32.7-2018-q2-update.win32_1.4.0.202007081208/tools/bin/../lib/gcc/arm-none-eabi/7.3.1/thumb/v7e-m/fpv4-sp/hard\libgcc.a(_arm_addsubdf3.o)
                              Src/App/Balancing_Ball.o (__aeabi_dsub)
c:/st/stm32cubeide_1.4.0/stm32cubeide/plugins/com.st.stm32cube.ide.mcu.externaltools.gnu-tools-for-stm32.7-2018-q2-update.win32_1.4.0.202007081208/tools/bin/../lib/gcc/arm-none-eabi/7.3.1/thumb/v7e-m/fpv4-sp/hard\libgcc.a(_arm_muldivdf3.o)
                              Src/App/Balancing_Ball.o (__aeabi_dmul)
c:/st/stm32cubeide_1.4.0/stm32cubeide/plugins/com.st.stm32cube.ide.mcu.externaltools.gnu-tools-for-stm32.7-2018-q2-update.win32_1.4.0.202007081208/tools/bin/../lib/gcc/arm-none-eabi/7.3.1/thumb/v7e-m/fpv4-sp/hard\libgcc.a(_arm_cmpdf2.o)
                              Src/App/Balancing_Ball.o (__aeabi_dcmplt)
c:/st/stm32cubeide_1.4.0/stm32cubeide/plugins/com.st.stm32cube.ide.mcu.externaltools.gnu-tools-for-stm32.7-2018-q2-update.win32_1.4.0.202007081208/tools/bin/../lib/gcc/arm-none-eabi/7.3.1/thumb/v7e-m/fpv4-sp/hard\libgcc.a(_arm_fixdfsi.o)
                              Src/App/Balancing_Ball.o (__aeabi_d2iz)
c:/st/stm32cubeide_1.4.0/stm32cubeide/plugins/com.st.stm32cube.ide.mcu.externaltools.gnu-tools-for-stm32.7-2018-q2-update.win32_1.4.0.202007081208/tools/bin/../lib/gcc/arm-none-eabi/7.3.1/thumb/v7e-m/fpv4-sp/hard\libgcc.a(_arm_fixunsdfsi.o)
                              Src/App/Balancing_Ball.o (__aeabi_d2uiz)
c:/st/stm32cubeide_1.4.0/stm32cubeide/plugins/com.st.stm32cube.ide.mcu.externaltools.gnu-tools-for-stm32.7-2018-q2-update.win32_1.4.0.202007081208/tools/bin/../lib/gcc/arm-none-eabi/7.3.1/thumb/v7e-m/fpv4-sp/hard\libgcc.a(_arm_truncdfsf2.o)
                              Src/App/Balancing_Ball.o (__aeabi_d2f)

Allocating common symbols
Common symbol       size              file

D                   0x8               Src/App/Balancing_Ball.o
prevServoAngle      0x8               Src/App/Balancing_Ball.o
Ki                  0x8               Src/App/Balancing_Ball.o
prevDistance        0x8               Src/App/Balancing_Ball.o
distance            0x8               Src/App/Balancing_Ball.o
dError              0x8               Src/App/Balancing_Ball.o
[...]
Memory Configuration

Name             Origin             Length             Attributes
RAM              0x0000000020000000 0x0000000000010000 xrw
ROM              0x0000000008000000 0x0000000000040000 xr
*default*        0x0000000000000000 0xffffffffffffffff

Linker script and memory map

LOAD c:/st/stm32cubeide_1.4.0/stm32cubeide/plugins/com.st.stm32cube.ide.mcu.externaltools.gnu-tools-for-stm32.7-2018-q2-update.win32_1.4.0.202007081208/tools/bin/../lib/gcc/arm-none-eabi/7.3.1/thumb/v7e-m/fpv4-sp/hard/crti.o
LOAD c:/st/stm32cubeide_1.4.0/stm32cubeide/plugins/com.st.stm32cube.ide.mcu.externaltools.gnu-tools-for-stm32.7-2018-q2-update.win32_1.4.0.202007081208/tools/bin/../lib/gcc/arm-none-eabi/7.3.1/thumb/v7e-m/fpv4-sp/hard/crtbegin.o
LOAD c:/st/stm32cubeide_1.4.0/stm32cubeide/plugins/com.st.stm32cube.ide.mcu.externaltools.gnu-tools-for-stm32.7-2018-q2-update.win32_1.4.0.202007081208/tools/bin/../lib/gcc/arm-none-eabi/7.3.1/../../../../arm-none-eabi/lib/thumb/v7e-m/fpv4-sp/hard/crt0.o
LOAD Src/App/Balancing_Ball.o
LOAD Src/HAL/HLCD/HLCD_Prog.o
LOAD Src/HAL/HSERVO/HSERVO_Prog.o
LOAD Src/HAL/HULTRA_SONIC/HULTRA_SONIC_Prog.o
LOAD Src/MCAL/MEXTI/MEXTI_Prog.o
LOAD Src/MCAL/MFPU/MFPU_Prog.o
LOAD Src/MCAL/MGPIO/MGPIO_Prog.o
LOAD Src/MCAL/MI2C/MI2C_Prog.o
LOAD Src/MCAL/MIWDT/MIWDT_Prog.o
LOAD Src/MCAL/MNVIC/MNVIC_Prog.o
LOAD Src/MCAL/MRCC/MRCC_Prog.o
LOAD Src/MCAL/MSPI/MSPI_Prog.o
LOAD Src/MCAL/MSTK/MSYSTICK_Prog.o
LOAD Src/MCAL/MTIMER/MTIMER_Prog.o
LOAD Src/MCAL/MUART/MUSART_Program.o
LOAD Src/main.o
LOAD Src/syscalls.o
LOAD Src/sysmem.o
LOAD Startup/startup_stm32f401rctx.o
START GROUP
LOAD c:/st/stm32cubeide_1.4.0/stm32cubeide/plugins/com.st.stm32cube.ide.mcu.externaltools.gnu-tools-for-stm32.7-2018-q2-update.win32_1.4.0.202007081208/tools/bin/../lib/gcc/arm-none-eabi/7.3.1/../../../../arm-none-eabi/lib/thumb/v7e-m/fpv4-sp/hard\libc_nano.a
LOAD c:/st/stm32cubeide_1.4.0/stm32cubeide/plugins/com.st.stm32cube.ide.mcu.externaltools.gnu-tools-for-stm32.7-2018-q2-update.win32_1.4.0.202007081208/tools/bin/../lib/gcc/arm-none-eabi/7.3.1/../../../../arm-none-eabi/lib/thumb/v7e-m/fpv4-sp/hard\libm.a
END GROUP
START GROUP
LOAD c:/st/stm32cubeide_1.4.0/stm32cubeide/plugins/com.st.stm32cube.ide.mcu.externaltools.gnu-tools-for-stm32.7-2018-q2-update.win32_1.4.0.202007081208/tools/bin/../lib/gcc/arm-none-eabi/7.3.1/thumb/v7e-m/fpv4-sp/hard\libgcc.a
LOAD c:/st/stm32cubeide_1.4.0/stm32cubeide/plugins/com.st.stm32cube.ide.mcu.externaltools.gnu-tools-for-stm32.7-2018-q2-update.win32_1.4.0.202007081208/tools/bin/../lib/gcc/arm-none-eabi/7.3.1/../../../../arm-none-eabi/lib/thumb/v7e-m/fpv4-sp/hard\libc_nano.a
END GROUP
START GROUP
LOAD c:/st/stm32cubeide_1.4.0/stm32cubeide/plugins/com.st.stm32cube.ide.mcu.externaltools.gnu-tools-for-stm32.7-2018-q2-update.win32_1.4.0.202007081208/tools/bin/../lib/gcc/arm-none-eabi/7.3.1/thumb/v7e-m/fpv4-sp/hard\libgcc.a
LOAD c:/st/stm32cubeide_1.4.0/stm32cubeide/plugins/com.st.stm32cube.ide.mcu.externaltools.gnu-tools-for-stm32.7-2018-q2-update.win32_1.4.0.202007081208/tools/bin/../lib/gcc/arm-none-eabi/7.3.1/../../../../arm-none-eabi/lib/thumb/v7e-m/fpv4-sp/hard\libc_nano.a
LOAD c:/st/stm32cubeide_1.4.0/stm32cubeide/plugins/com.st.stm32cube.ide.mcu.externaltools.gnu-tools-for-stm32.7-2018-q2-update.win32_1.4.0.202007081208/tools/bin/../lib/gcc/arm-none-eabi/7.3.1/../../../../arm-none-eabi/lib/thumb/v7e-m/fpv4-sp/hard\libnosys.a
END GROUP
START GROUP
LOAD c:/st/stm32cubeide_1.4.0/stm32cubeide/plugins/com.st.stm32cube.ide.mcu.externaltools.gnu-tools-for-stm32.7-2018-q2-update.win32_1.4.0.202007081208/tools/bin/../lib/gcc/arm-none-eabi/7.3.1/thumb/v7e-m/fpv4-sp/hard\libgcc.a
LOAD c:/st/stm32cubeide_1.4.0/stm32cubeide/plugins/com.st.stm32cube.ide.mcu.externaltools.gnu-tools-for-stm32.7-2018-q2-update.win32_1.4.0.202007081208/tools/bin/../lib/gcc/arm-none-eabi/7.3.1/../../../../arm-none-eabi/lib/thumb/v7e-m/fpv4-sp/hard\libc_nano.a
LOAD c:/st/stm32cubeide_1.4.0/stm32cubeide/plugins/com.st.stm32cube.ide.mcu.externaltools.gnu-tools-for-stm32.7-2018-q2-update.win32_1.4.0.202007081208/tools/bin/../lib/gcc/arm-none-eabi/7.3.1/../../../../arm-none-eabi/lib/thumb/v7e-m/fpv4-sp/hard\libnosys.a
END GROUP
LOAD c:/st/stm32cubeide_1.4.0/stm32cubeide/plugins/com.st.stm32cube.ide.mcu.externaltools.gnu-tools-for-stm32.7-2018-q2-update.win32_1.4.0.202007081208/tools/bin/../lib/gcc/arm-none-eabi/7.3.1/thumb/v7e-m/fpv4-sp/hard/crtend.o
LOAD c:/st/stm32cubeide_1.4.0/stm32cubeide/plugins/com.st.stm32cube.ide.mcu.externaltools.gnu-tools-for-stm32.7-2018-q2-update.win32_1.4.0.202007081208/tools/bin/../lib/gcc/arm-none-eabi/7.3.1/thumb/v7e-m/fpv4-sp/hard/crtn.o
                0x0000000020010000                _estack = (ORIGIN (RAM) + LENGTH (RAM))
                0x0000000000000200                _Min_Heap_Size = 0x200
                0x0000000000000400                _Min_Stack_Size = 0x400

.isr_vector     0x0000000008000000      0x194
                0x0000000008000000                . = ALIGN (0x4)
 *(.isr_vector)
 .isr_vector    0x0000000008000000      0x194 Startup/startup_stm32f401rctx.o
                0x0000000008000000                g_pfnVectors
                0x0000000008000194                . = ALIGN (0x4)

.text           0x0000000008000198     0x2928
                0x0000000008000198                . = ALIGN (0x4)
 *(.text)
 .text          0x0000000008000198       0x40 c:/st/stm32cubeide_1.4.0/stm32cubeide/plugins/com.st.stm32cube.ide.mcu.externaltools.gnu-tools-for-stm32.7-2018-q2-update.win32_1.4.0.202007081208/tools/bin/../lib/gcc/arm-none-eabi/7.3.1/thumb/v7e-m/fpv4-sp/hard/crtbegin.o
 .text          0x00000000080001d8      0x378 c:/st/stm32cubeide_1.4.0/stm32cubeide/plugins/com.st.stm32cube.ide.mcu.externaltools.gnu-tools-for-stm32.7-2018-q2-update.win32_1.4.0.202007081208/tools/bin/../lib/gcc/arm-none-eabi/7.3.1/thumb/v7e-m/fpv4-sp/hard\libgcc.a(_arm_addsubdf3.o)
                0x00000000080001d8                __aeabi_drsub
                0x00000000080001e0                __aeabi_dsub
                0x00000000080001e0                __subdf3
                0x00000000080001e4                __aeabi_dadd
                0x00000000080001e4                __adddf3
                0x000000000800045c                __floatunsidf
                0x000000000800045c                __aeabi_ui2d
                0x000000000800047c                __floatsidf
                0x000000000800047c                __aeabi_i2d
                0x00000000080004a0                __aeabi_f2d
                0x00000000080004a0                __extendsfdf2
                0x00000000080004e4                __floatundidf
                0x00000000080004e4                __aeabi_ul2d
                0x00000000080004f4                __floatdidf
                0x00000000080004f4                __aeabi_l2d
 .text          0x0000000008000550      0x424 c:/st/stm32cubeide_1.4.0/stm32cubeide/plugins/com.st.stm32cube.ide.mcu.externaltools.gnu-tools-for-stm32.7-2018-q2-update.win32_1.4.0.202007081208/tools/bin/../lib/gcc/arm-none-eabi/7.3.1/thumb/v7e-m/fpv4-sp/hard\libgcc.a(_arm_muldivdf3.o)
                0x0000000008000550                __aeabi_dmul
                0x0000000008000550                __muldf3
                0x00000000080007a4                __divdf3
                0x00000000080007a4                __aeabi_ddiv
 .text          0x0000000008000974      0x110 c:/st/stm32cubeide_1.4.0/stm32cubeide/plugins/com.st.stm32cube.ide.mcu.externaltools.gnu-tools-for-stm32.7-2018-q2-update.win32_1.4.0.202007081208/tools/bin/../lib/gcc/arm-none-eabi/7.3.1/thumb/v7e-m/fpv4-sp/hard\libgcc.a(_arm_cmpdf2.o)
                0x0000000008000974                __gtdf2
                0x0000000008000974                __gedf2
                0x000000000800097c                __ltdf2
                0x000000000800097c                __ledf2
                0x0000000008000984                __nedf2
                0x0000000008000984                __eqdf2
                0x0000000008000984                __cmpdf2
                0x0000000008000a00                __aeabi_cdrcmple
                0x0000000008000a10                __aeabi_cdcmpeq
                0x0000000008000a10                __aeabi_cdcmple
                0x0000000008000a20                __aeabi_dcmpeq
                0x0000000008000a34                __aeabi_dcmplt
                0x0000000008000a48                __aeabi_dcmple
                0x0000000008000a5c                __aeabi_dcmpge
                0x0000000008000a70                __aeabi_dcmpgt
 .text          0x0000000008000a84       0x50 c:/st/stm32cubeide_1.4.0/stm32cubeide/plugins/com.st.stm32cube.ide.mcu.externaltools.gnu-tools-for-stm32.7-2018-q2-update.win32_1.4.0.202007081208/tools/bin/../lib/gcc/arm-none-eabi/7.3.1/thumb/v7e-m/fpv4-sp/hard\libgcc.a(_arm_fixdfsi.o)
                0x0000000008000a84                __aeabi_d2iz
                0x0000000008000a84                __fixdfsi
 .text          0x0000000008000ad4       0x40 c:/st/stm32cubeide_1.4.0/stm32cubeide/plugins/com.st.stm32cube.ide.mcu.externaltools.gnu-tools-for-stm32.7-2018-q2-update.win32_1.4.0.202007081208/tools/bin/../lib/gcc/arm-none-eabi/7.3.1/thumb/v7e-m/fpv4-sp/hard\libgcc.a(_arm_fixunsdfsi.o)
                0x0000000008000ad4                __aeabi_d2uiz
                0x0000000008000ad4                __fixunsdfsi
 .text          0x0000000008000b14       0xa0 c:/st/stm32cubeide_1.4.0/stm32cubeide/plugins/com.st.stm32cube.ide.mcu.externaltools.gnu-tools-for-stm32.7-2018-q2-update.win32_1.4.0.202007081208/tools/bin/../lib/gcc/arm-none-eabi/7.3.1/thumb/v7e-m/fpv4-sp/hard\libgcc.a(_arm_truncdfsf2.o)
                0x0000000008000b14                __truncdfsf2
                0x0000000008000b14                __aeabi_d2f
 *(.text*)
 .text.low_pass_filter
                0x0000000008000bb4       0x80 Src/App/Balancing_Ball.o
                0x0000000008000bb4                low_pass_filter
 *fill*         0x0000000008000c34        0x4 
 .text.balance  0x0000000008000c38      0x2fc Src/App/Balancing_Ball.o
                0x0000000008000c38                balance
 .text.set_call_balance_flag
                0x0000000008000f34       0x18 Src/App/Balancing_Ball.o
                0x0000000008000f34                set_call_balance_flag
 .text.set_pid_parameters
                0x0000000008000f4c       0x8c Src/App/Balancing_Ball.o
                0x0000000008000f4c                set_pid_parameters
 .text.Balance_Ball
                0x0000000008000fd8       0x20 Src/App/Balancing_Ball.o
                0x0000000008000fd8                Balance_Ball
 .text.HSERVO_vServoInit
                0x0000000008000ff8       0x38 Src/HAL/HSERVO/HSERVO_Prog.o
                0x0000000008000ff8                HSERVO_vServoInit
 .text.HSERVO_vServoDeg
                0x0000000008001030       0x84 Src/HAL/HSERVO/HSERVO_Prog.o
                0x0000000008001030                HSERVO_vServoDeg
 .text.HULTRA_vInitialize
                0x00000000080010b4       0x40 Src/HAL/HULTRA_SONIC/HULTRA_SONIC_Prog.o
                0x00000000080010b4                HULTRA_vInitialize
 .text.HULTRA_vSendTrigger
                0x00000000080010f4       0x42 Src/HAL/HULTRA_SONIC/HULTRA_SONIC_Prog.o
                0x00000000080010f4                HULTRA_vSendTrigger
 *fill*         0x0000000008001136        0x2 
 .text.HULTRA_vGetDistance
                0x0000000008001138       0x70 Src/HAL/HULTRA_SONIC/HULTRA_SONIC_Prog.o
                0x0000000008001138                HULTRA_vGetDistance
 .text.MEXTI_vEnableInterrupt
                0x00000000080011a8       0x30 Src/MCAL/MEXTI/MEXTI_Prog.o
                0x00000000080011a8                MEXTI_vEnableInterrupt
 .text.EXTI0_IRQHandler
                0x00000000080011d8       0x24 Src/MCAL/MEXTI/MEXTI_Prog.o
                0x00000000080011d8                EXTI0_IRQHandler
 .text.EXTI1_IRQHandler
                0x00000000080011fc       0x24 Src/MCAL/MEXTI/MEXTI_Prog.o
                0x00000000080011fc                EXTI1_IRQHandler
 .text.EXTI2_IRQHandler
                0x0000000008001220       0x24 Src/MCAL/MEXTI/MEXTI_Prog.o
                0x0000000008001220                EXTI2_IRQHandler
 .text.EXTI3_IRQHandler
                0x0000000008001244       0x24 Src/MCAL/MEXTI/MEXTI_Prog.o
                0x0000000008001244                EXTI3_IRQHandler
 .text.EXTI4_IRQHandler
                0x0000000008001268       0x24 Src/MCAL/MEXTI/MEXTI_Prog.o
                0x0000000008001268                EXTI4_IRQHandler
 .text.EXTI9_5_IRQHandler
                0x000000000800128c      0x144 Src/MCAL/MEXTI/MEXTI_Prog.o
                0x000000000800128c                EXTI9_5_IRQHandler
 .text.EXTI15_10_IRQHandler
                0x00000000080013d0      0x184 Src/MCAL/MEXTI/MEXTI_Prog.o
                0x00000000080013d0                EXTI15_10_IRQHandler
 .text.MFPU_Enable
                0x0000000008001554       0x20 Src/MCAL/MFPU/MFPU_Prog.o
                0x0000000008001554                MFPU_Enable
 .text.MGPIO_vSetPinMode
                0x0000000008001574       0xcc Src/MCAL/MGPIO/MGPIO_Prog.o
                0x0000000008001574                MGPIO_vSetPinMode
 .text.MGPIO_vSetPinInPutType
                0x0000000008001640       0xcc Src/MCAL/MGPIO/MGPIO_Prog.o
                0x0000000008001640                MGPIO_vSetPinInPutType
 .text.MGPIO_u8GetPinValue
                0x000000000800170c       0x78 Src/MCAL/MGPIO/MGPIO_Prog.o
                0x000000000800170c                MGPIO_u8GetPinValue
 .text.MGPIO_vSetPinValue
                0x0000000008001784       0xd8 Src/MCAL/MGPIO/MGPIO_Prog.o
                0x0000000008001784                MGPIO_vSetPinValue
 .text.MGPIO_vSetPinAtomic
                0x000000000800185c       0xd8 Src/MCAL/MGPIO/MGPIO_Prog.o
                0x000000000800185c                MGPIO_vSetPinAtomic
 .text.MGPIO_vSetAlternativeFunction
                0x0000000008001934      0x180 Src/MCAL/MGPIO/MGPIO_Prog.o
                0x0000000008001934                MGPIO_vSetAlternativeFunction
 .text.MNVIC_vEnableInterrupt
                0x0000000008001ab4       0x34 Src/MCAL/MNVIC/MNVIC_Prog.o
                0x0000000008001ab4                MNVIC_vEnableInterrupt
 .text.MNVIC_vInitGrouping
                0x0000000008001ae8       0x34 Src/MCAL/MNVIC/MNVIC_Prog.o
                0x0000000008001ae8                MNVIC_vInitGrouping
 .text.MRCC_vInit
                0x0000000008001b1c       0x4c Src/MCAL/MRCC/MRCC_Prog.o
                0x0000000008001b1c                MRCC_vInit
 .text.MRCC_vEnableClock
                0x0000000008001b68       0x94 Src/MCAL/MRCC/MRCC_Prog.o
                0x0000000008001b68                MRCC_vEnableClock
 .text.SPI1_IRQHandler
                0x0000000008001bfc       0x4c Src/MCAL/MSPI/MSPI_Prog.o
                0x0000000008001bfc                SPI1_IRQHandler
 .text.SPI2_IRQHandler
                0x0000000008001c48       0x4c Src/MCAL/MSPI/MSPI_Prog.o
                0x0000000008001c48                SPI2_IRQHandler
 .text.SPI3_IRQHandler
                0x0000000008001c94       0x4c Src/MCAL/MSPI/MSPI_Prog.o
                0x0000000008001c94                SPI3_IRQHandler
 .text.SPI4_IRQHandler
                0x0000000008001ce0       0x4c Src/MCAL/MSPI/MSPI_Prog.o
                0x0000000008001ce0                SPI4_IRQHandler
 .text.MSYSTICK_vDelayMicroSec
                0x0000000008001d2c       0xb4 Src/MCAL/MSTK/MSYSTICK_Prog.o
                0x0000000008001d2c                MSYSTICK_vDelayMicroSec
 .text.SysTick_Handler
                0x0000000008001de0       0x1c Src/MCAL/MSTK/MSYSTICK_Prog.o
                0x0000000008001de0                SysTick_Handler
 .text.LOC_GET_TIMER
                0x0000000008001dfc       0x44 Src/MCAL/MTIMER/MTIMER_Prog.o
 .text.MTIMER_vPeriodicMS
                0x0000000008001e40       0x54 Src/MCAL/MTIMER/MTIMER_Prog.o
                0x0000000008001e40                MTIMER_vPeriodicMS
 .text.MTIMER_vClearCNT
                0x0000000008001e94       0x22 Src/MCAL/MTIMER/MTIMER_Prog.o
                0x0000000008001e94                MTIMER_vClearCNT
 *fill*         0x0000000008001eb6        0x2 
 .text.MTIMER_vPWM
                0x0000000008001eb8      0x2d0 Src/MCAL/MTIMER/MTIMER_Prog.o
                0x0000000008001eb8                MTIMER_vPWM
 .text.MTIMER_vICU
                0x0000000008002188      0x290 Src/MCAL/MTIMER/MTIMER_Prog.o
                0x0000000008002188                MTIMER_vICU
 .text.LOC_TIMER_ICU
                0x0000000008002418      0x138 Src/MCAL/MTIMER/MTIMER_Prog.o
 .text.MTIMER_GET_ICU
                0x0000000008002550       0x34 Src/MCAL/MTIMER/MTIMER_Prog.o
                0x0000000008002550                MTIMER_GET_ICU
 .text.MTIMER_CallBack
                0x0000000008002584       0x28 Src/MCAL/MTIMER/MTIMER_Prog.o
                0x0000000008002584                MTIMER_CallBack
 .text.TIM1_UP_TIM10_IRQHandler
                0x00000000080025ac       0x84 Src/MCAL/MTIMER/MTIMER_Prog.o
                0x00000000080025ac                TIM1_UP_TIM10_IRQHandler
 .text.TIM1_TRG_COM_TIM11_IRQHandler
                0x0000000008002630       0x78 Src/MCAL/MTIMER/MTIMER_Prog.o
                0x0000000008002630                TIM1_TRG_COM_TIM11_IRQHandler
 .text.TIM1_BRK_TIM9_IRQHandler
                0x00000000080026a8       0x98 Src/MCAL/MTIMER/MTIMER_Prog.o
                0x00000000080026a8                TIM1_BRK_TIM9_IRQHandler
 .text.TIM1_CC_IRQHandler
                0x0000000008002740       0x5c Src/MCAL/MTIMER/MTIMER_Prog.o
                0x0000000008002740                TIM1_CC_IRQHandler
 .text.TIM2_IRQHandler
                0x000000000800279c       0x90 Src/MCAL/MTIMER/MTIMER_Prog.o
                0x000000000800279c                TIM2_IRQHandler
 .text.TIM3_IRQHandler
                0x000000000800282c       0x88 Src/MCAL/MTIMER/MTIMER_Prog.o
                0x000000000800282c                TIM3_IRQHandler
 *fill*         0x00000000080028b4        0x4 
 .text.main     0x00000000080028b8       0x88 Src/main.o
                0x00000000080028b8                main
 .text.System_Clock_Init
                0x0000000008002940       0x6c Src/main.o
                0x0000000008002940                System_Clock_Init
 .text.Interrupt_Init
                0x00000000080029ac       0x44 Src/main.o
                0x00000000080029ac                Interrupt_Init
 .text.HAL_Init
                0x00000000080029f0       0x1c Src/main.o
                0x00000000080029f0                HAL_Init
 .text.Reset_Handler
                0x0000000008002a0c       0x50 Startup/startup_stm32f401rctx.o
                0x0000000008002a0c                Reset_Handler
 .text.Default_Handler
                0x0000000008002a5c        0x2 Startup/startup_stm32f401rctx.o
                0x0000000008002a5c                RTC_Alarm_IRQHandler
                0x0000000008002a5c                DebugMon_Handler
                0x0000000008002a5c                HardFault_Handler
                0x0000000008002a5c                PVD_IRQHandler
                0x0000000008002a5c                SDIO_IRQHandler
                0x0000000008002a5c                TAMP_STAMP_IRQHandler
                0x0000000008002a5c                PendSV_Handler
                0x0000000008002a5c                NMI_Handler
                0x0000000008002a5c                I2C3_ER_IRQHandler
                0x0000000008002a5c                I2C2_EV_IRQHandler
                0x0000000008002a5c                FPU_IRQHandler
                0x0000000008002a5c                UsageFault_Handler
                0x0000000008002a5c                I2C1_EV_IRQHandler
                0x0000000008002a5c                RCC_IRQHandler
                0x0000000008002a5c                Default_Handler
                0x0000000008002a5c                ADC_IRQHandler
                0x0000000008002a5c                I2C3_EV_IRQHandler
                0x0000000008002a5c                RTC_WKUP_IRQHandler
                0x0000000008002a5c                MemManage_Handler
                0x0000000008002a5c                SVC_Handler
                0x0000000008002a5c                OTG_FS_WKUP_IRQHandler
                0x0000000008002a5c                I2C2_ER_IRQHandler
                0x0000000008002a5c                FLASH_IRQHandler
                0x0000000008002a5c                BusFault_Handler
                0x0000000008002a5c                OTG_FS_IRQHandler
                0x0000000008002a5c                I2C1_ER_IRQHandler
 *fill*         0x0000000008002a5e        0x2 
 .text.__libc_init_array
                0x0000000008002a60       0x48 c:/st/stm32cubeide_1.4.0/stm32cubeide/plugins/com.st.stm32cube.ide.mcu.externaltools.gnu-tools-for-stm32.7-2018-q2-update.win32_1.4.0.202007081208/tools/bin/../lib/gcc/arm-none-eabi/7.3.1/../../../../arm-none-eabi/lib/thumb/v7e-m/fpv4-sp/hard\libc_nano.a(lib_a-init.o)
                0x0000000008002a60                __libc_init_array
 *(.glue_7)
 .glue_7        0x0000000008002aa8        0x0 linker stubs
 *(.glue_7t)
 .glue_7t       0x0000000008002aa8        0x0 linker stubs
 *(.eh_frame)
 .eh_frame      0x0000000008002aa8        0x0 c:/st/stm32cubeide_1.4.0/stm32cubeide/plugins/com.st.stm32cube.ide.mcu.externaltools.gnu-tools-for-stm32.7-2018-q2-update.win32_1.4.0.202007081208/tools/bin/../lib/gcc/arm-none-eabi/7.3.1/thumb/v7e-m/fpv4-sp/hard/crtbegin.o
 *(.init)
 .init          0x0000000008002aa8        0x4 c:/st/stm32cubeide_1.4.0/stm32cubeide/plugins/com.st.stm32cube.ide.mcu.externaltools.gnu-tools-for-stm32.7-2018-q2-update.win32_1.4.0.202007081208/tools/bin/../lib/gcc/arm-none-eabi/7.3.1/thumb/v7e-m/fpv4-sp/hard/crti.o
                0x0000000008002aa8                _init
 .init          0x0000000008002aac        0x8 c:/st/stm32cubeide_1.4.0/stm32cubeide/plugins/com.st.stm32cube.ide.mcu.externaltools.gnu-tools-for-stm32.7-2018-q2-update.win32_1.4.0.202007081208/tools/bin/../lib/gcc/arm-none-eabi/7.3.1/thumb/v7e-m/fpv4-sp/hard/crtn.o
 *(.fini)
 .fini          0x0000000008002ab4        0x4 c:/st/stm32cubeide_1.4.0/stm32cubeide/plugins/com.st.stm32cube.ide.mcu.externaltools.gnu-tools-for-stm32.7-2018-q2-update.win32_1.4.0.202007081208/tools/bin/../lib/gcc/arm-none-eabi/7.3.1/thumb/v7e-m/fpv4-sp/hard/crti.o
                0x0000000008002ab4                _fini
 .fini          0x0000000008002ab8        0x8 c:/st/stm32cubeide_1.4.0/stm32cubeide/plugins/com.st.stm32cube.ide.mcu.externaltools.gnu-tools-for-stm32.7-2018-q2-update.win32_1.4.0.202007081208/tools/bin/../lib/gcc/arm-none-eabi/7.3.1/thumb/v7e-m/fpv4-sp/hard/crtn.o
                0x0000000008002ac0                . = ALIGN (0x4)
                0x0000000008002ac0                _etext = .

.vfp11_veneer   0x0000000008002ac0        0x0
 .vfp11_veneer  0x0000000008002ac0        0x0 linker stubs

.v4_bx          0x0000000008002ac0        0x0
 .v4_bx         0x0000000008002ac0        0x0 linker stubs

.iplt           0x0000000008002ac0        0x0
 .iplt          0x0000000008002ac0        0x0 c:/st/stm32cubeide_1.4.0/stm32cubeide/plugins/com.st.stm32cube.ide.mcu.externaltools.gnu-tools-for-stm32.7-2018-q2-update.win32_1.4.0.202007081208/tools/bin/../lib/gcc/arm-none-eabi/7.3.1/thumb/v7e-m/fpv4-sp/hard/crtbegin.o

.rodata         0x0000000008002ac0       0x20
                0x0000000008002ac0                . = ALIGN (0x4)
 *(.rodata)
 .rodata        0x0000000008002ac0       0x20 Src/MCAL/MTIMER/MTIMER_Prog.o
 *(.rodata*)
                0x0000000008002ae0                . = ALIGN (0x4)

.rel.dyn        0x0000000008002ae0        0x0
 .rel.iplt      0x0000000008002ae0        0x0 c:/st/stm32cubeide_1.4.0/stm32cubeide/plugins/com.st.stm32cube.ide.mcu.externaltools.gnu-tools-for-stm32.7-2018-q2-update.win32_1.4.0.202007081208/tools/bin/../lib/gcc/arm-none-eabi/7.3.1/thumb/v7e-m/fpv4-sp/hard/crtbegin.o

.ARM.extab      0x0000000008002ae0        0x0
                0x0000000008002ae0                . = ALIGN (0x4)
 *(.ARM.extab* .gnu.linkonce.armextab.*)
                0x0000000008002ae0                . = ALIGN (0x4)

.ARM            0x0000000008002ae0        0x0
                0x0000000008002ae0                . = ALIGN (0x4)
                0x0000000008002ae0                __exidx_start = .
 *(.ARM.exidx*)
                0x0000000008002ae0                __exidx_end = .
                0x0000000008002ae0                . = ALIGN (0x4)

.preinit_array  0x0000000008002ae0        0x0
                0x0000000008002ae0                . = ALIGN (0x4)
                0x0000000008002ae0                PROVIDE (__preinit_array_start = .)
 *(.preinit_array*)
                0x0000000008002ae0                PROVIDE (__preinit_array_end = .)
                0x0000000008002ae0                . = ALIGN (0x4)

.init_array     0x0000000008002ae0        0x4
                0x0000000008002ae0                . = ALIGN (0x4)
                0x0000000008002ae0                PROVIDE (__init_array_start = .)
 *(SORT_BY_NAME(.init_array.*))
 *(.init_array*)
 .init_array    0x0000000008002ae0        0x4 c:/st/stm32cubeide_1.4.0/stm32cubeide/plugins/com.st.stm32cube.ide.mcu.externaltools.gnu-tools-for-stm32.7-2018-q2-update.win32_1.4.0.202007081208/tools/bin/../lib/gcc/arm-none-eabi/7.3.1/thumb/v7e-m/fpv4-sp/hard/crtbegin.o
                0x0000000008002ae4                PROVIDE (__init_array_end = .)
                0x0000000008002ae4                . = ALIGN (0x4)

.fini_array     0x0000000008002ae4        0x4
                0x0000000008002ae4                . = ALIGN (0x4)
                [!provide]                        PROVIDE (__fini_array_start = .)
 *(SORT_BY_NAME(.fini_array.*))
 *(.fini_array*)
 .fini_array    0x0000000008002ae4        0x4 c:/st/stm32cubeide_1.4.0/stm32cubeide/plugins/com.st.stm32cube.ide.mcu.externaltools.gnu-tools-for-stm32.7-2018-q2-update.win32_1.4.0.202007081208/tools/bin/../lib/gcc/arm-none-eabi/7.3.1/thumb/v7e-m/fpv4-sp/hard/crtbegin.o
                [!provide]                        PROVIDE (__fini_array_end = .)
                0x0000000008002ae8                . = ALIGN (0x4)
                0x0000000008002ae8                _sidata = LOADADDR (.data)

.data           0x0000000020000000       0x48 load address 0x0000000008002ae8
                0x0000000020000000                . = ALIGN (0x4)
                0x0000000020000000                _sdata = .
 *(.data)
 *(.data*)
 .data.TIMER_PORT_MAP
                0x0000000020000000       0x20 Src/MCAL/MTIMER/MTIMER_Prog.o
 .data.TIMER_PIN_MAP
                0x0000000020000020       0x20 Src/MCAL/MTIMER/MTIMER_Prog.o
 .data.TIMER_AF
                0x0000000020000040        0x8 Src/MCAL/MTIMER/MTIMER_Prog.o
                0x0000000020000048                . = ALIGN (0x4)
                0x0000000020000048                _edata = .

.igot.plt       0x0000000020000048        0x0 load address 0x0000000008002b30
 .igot.plt      0x0000000020000048        0x0 c:/st/stm32cubeide_1.4.0/stm32cubeide/plugins/com.st.stm32cube.ide.mcu.externaltools.gnu-tools-for-stm32.7-2018-q2-update.win32_1.4.0.202007081208/tools/bin/../lib/gcc/arm-none-eabi/7.3.1/thumb/v7e-m/fpv4-sp/hard/crtbegin.o
                0x0000000020000048                . = ALIGN (0x4)

.bss            0x0000000020000048      0x250 load address 0x0000000008002b30
                0x0000000020000048                _sbss = .
                0x0000000020000048                __bss_start__ = _sbss
 *(.bss)
 .bss           0x0000000020000048       0x1c c:/st/stm32cubeide_1.4.0/stm32cubeide/plugins/com.st.stm32cube.ide.mcu.externaltools.gnu-tools-for-stm32.7-2018-q2-update.win32_1.4.0.202007081208/tools/bin/../lib/gcc/arm-none-eabi/7.3.1/thumb/v7e-m/fpv4-sp/hard/crtbegin.o
 *(.bss*)
 .bss.callBalance
                0x0000000020000064        0x1 Src/App/Balancing_Ball.o
                0x0000000020000064                callBalance
 *fill*         0x0000000020000065        0x3 
 .bss.GLOBAL_EXTIPtr
                0x0000000020000068       0x40 Src/MCAL/MEXTI/MEXTI_Prog.o
 .bss.Global_u8GPMode
                0x00000000200000a8        0x1 Src/MCAL/MNVIC/MNVIC_Prog.o
 *fill*         0x00000000200000a9        0x3 
 .bss.SPIx_pvTxcallback
                0x00000000200000ac       0x10 Src/MCAL/MSPI/MSPI_Prog.o
 .bss.SPIx_pvRXcallback
                0x00000000200000bc       0x10 Src/MCAL/MSPI/MSPI_Prog.o
 .bss.GLOBAL_SYSTICK_CallBack
                0x00000000200000cc        0x4 Src/MCAL/MSTK/MSYSTICK_Prog.o
 .bss.GLOBAL_Ptr
                0x00000000200000d0       0x20 Src/MCAL/MTIMER/MTIMER_Prog.o
 .bss.Time      0x00000000200000f0       0x74 Src/MCAL/MTIMER/MTIMER_Prog.o
                0x00000000200000f0                Time
 .bss.timee     0x0000000020000164        0x4 Src/MCAL/MTIMER/MTIMER_Prog.o
                0x0000000020000164                timee
 .bss.cv1       0x0000000020000168        0x4 Src/MCAL/MTIMER/MTIMER_Prog.o
                0x0000000020000168                cv1
 .bss.cv2       0x000000002000016c        0x4 Src/MCAL/MTIMER/MTIMER_Prog.o
                0x000000002000016c                cv2
 .bss.captureState.6366
                0x0000000020000170       0x1d Src/MCAL/MTIMER/MTIMER_Prog.o
 *fill*         0x000000002000018d        0x3 
 .bss.captureValue1.6367
                0x0000000020000190       0x74 Src/MCAL/MTIMER/MTIMER_Prog.o
 .bss.captureValue2.6368
                0x0000000020000204        0x4 Src/MCAL/MTIMER/MTIMER_Prog.o
 *(COMMON)
 COMMON         0x0000000020000208       0x78 Src/App/Balancing_Ball.o
                0x0000000020000208                D
                0x0000000020000210                prevServoAngle
                0x0000000020000218                Ki
                0x0000000020000220                prevDistance
                0x0000000020000228                distance
                0x0000000020000230                dError
                0x0000000020000238                prevError
                0x0000000020000240                servoAngle
                0x0000000020000248                prev_dError
                0x0000000020000250                Kd
                0x0000000020000258                error
                0x0000000020000260                I
                0x0000000020000268                Kp
                0x0000000020000270                dt
                0x0000000020000278                P
 COMMON         0x0000000020000280        0x2 Src/HAL/HSERVO/HSERVO_Prog.o
                0x0000000020000280                SERVO_STRUCT
 *fill*         0x0000000020000282        0x2 
 COMMON         0x0000000020000284       0x14 Src/HAL/HULTRA_SONIC/HULTRA_SONIC_Prog.o
                0x0000000020000284                ULTRA_STRUCT
                0x0000000020000298                . = ALIGN (0x4)
                0x0000000020000298                _ebss = .
                0x0000000020000298                __bss_end__ = _ebss

._user_heap_stack
                0x0000000020000298      0x600 load address 0x0000000008002b30
                0x0000000020000298                . = ALIGN (0x8)
                [!provide]                        PROVIDE (end = .)
                0x0000000020000298                PROVIDE (_end = .)
                0x0000000020000498                . = (. + _Min_Heap_Size)
 *fill*         0x0000000020000298      0x200 
                0x0000000020000898                . = (. + _Min_Stack_Size)
 *fill*         0x0000000020000498      0x400 
                0x0000000020000898                . = ALIGN (0x8)

/DISCARD/
 libc.a(*)
 libm.a(*)
 libgcc.a(*)

.ARM.attributes
                0x0000000000000000       0x30
 *(.ARM.attributes)
 .ARM.attributes
                0x0000000000000000       0x22 c:/st/stm32cubeide_1.4.0/stm32cubeide/plugins/com.st.stm32cube.ide.mcu.externaltools.gnu-tools-for-stm32.7-2018-q2-update.win32_1.4.0.202007081208/tools/bin/../lib/gcc/arm-none-eabi/7.3.1/thumb/v7e-m/fpv4-sp/hard/crti.o
 .ARM.attributes
                0x0000000000000022       0x34 c:/st/stm32cubeide_1.4.0/stm32cubeide/plugins/com.st.stm32cube.ide.mcu.externaltools.gnu-tools-for-stm32.7-2018-q2-update.win32_1.4.0.202007081208/tools/bin/../lib/gcc/arm-none-eabi/7.3.1/thumb/v7e-m/fpv4-sp/hard/crtbegin.o
 .ARM.attributes
                0x0000000000000056       0x39 Src/App/Balancing_Ball.o
 .ARM.attributes
                0x000000000000008f       0x39 Src/HAL/HSERVO/HSERVO_Prog.o
 .ARM.attributes
                0x00000000000000c8       0x39 Src/HAL/HULTRA_SONIC/HULTRA_SONIC_Prog.o
 .ARM.attributes
                0x0000000000000101       0x39 Src/MCAL/MEXTI/MEXTI_Prog.o
 .ARM.attributes
                0x000000000000013a       0x39 Src/MCAL/MFPU/MFPU_Prog.o
 .ARM.attributes
                0x0000000000000173       0x39 Src/MCAL/MGPIO/MGPIO_Prog.o
 .ARM.attributes
                0x00000000000001ac       0x39 Src/MCAL/MNVIC/MNVIC_Prog.o
 .ARM.attributes
                0x00000000000001e5       0x39 Src/MCAL/MRCC/MRCC_Prog.o
 .ARM.attributes
                0x000000000000021e       0x39 Src/MCAL/MSPI/MSPI_Prog.o
 .ARM.attributes
                0x0000000000000257       0x39 Src/MCAL/MSTK/MSYSTICK_Prog.o
 .ARM.attributes
                0x0000000000000290       0x39 Src/MCAL/MTIMER/MTIMER_Prog.o
 .ARM.attributes
                0x00000000000002c9       0x39 Src/main.o
 .ARM.attributes
                0x0000000000000302       0x21 Startup/startup_stm32f401rctx.o
 .ARM.attributes
                0x0000000000000323       0x34 c:/st/stm32cubeide_1.4.0/stm32cubeide/plugins/com.st.stm32cube.ide.mcu.externaltools.gnu-tools-for-stm32.7-2018-q2-update.win32_1.4.0.202007081208/tools/bin/../lib/gcc/arm-none-eabi/7.3.1/../../../../arm-none-eabi/lib/thumb/v7e-m/fpv4-sp/hard\libc_nano.a(lib_a-init.o)
 .ARM.attributes
                0x0000000000000357       0x22 c:/st/stm32cubeide_1.4.0/stm32cubeide/plugins/com.st.stm32cube.ide.mcu.externaltools.gnu-tools-for-stm32.7-2018-q2-update.win32_1.4.0.202007081208/tools/bin/../lib/gcc/arm-none-eabi/7.3.1/thumb/v7e-m/fpv4-sp/hard\libgcc.a(_arm_addsubdf3.o)
 .ARM.attributes
                0x0000000000000379       0x22 c:/st/stm32cubeide_1.4.0/stm32cubeide/plugins/com.st.stm32cube.ide.mcu.externaltools.gnu-tools-for-stm32.7-2018-q2-update.win32_1.4.0.202007081208/tools/bin/../lib/gcc/arm-none-eabi/7.3.1/thumb/v7e-m/fpv4-sp/hard\libgcc.a(_arm_muldivdf3.o)
 .ARM.attributes
                0x000000000000039b       0x22 c:/st/stm32cubeide_1.4.0/stm32cubeide/plugins/com.st.stm32cube.ide.mcu.externaltools.gnu-tools-for-stm32.7-2018-q2-update.win32_1.4.0.202007081208/tools/bin/../lib/gcc/arm-none-eabi/7.3.1/thumb/v7e-m/fpv4-sp/hard\libgcc.a(_arm_cmpdf2.o)
 .ARM.attributes
                0x00000000000003bd       0x22 c:/st/stm32cubeide_1.4.0/stm32cubeide/plugins/com.st.stm32cube.ide.mcu.externaltools.gnu-tools-for-stm32.7-2018-q2-update.win32_1.4.0.202007081208/tools/bin/../lib/gcc/arm-none-eabi/7.3.1/thumb/v7e-m/fpv4-sp/hard\libgcc.a(_arm_fixdfsi.o)
 .ARM.attributes
                0x00000000000003df       0x22 c:/st/stm32cubeide_1.4.0/stm32cubeide/plugins/com.st.stm32cube.ide.mcu.externaltools.gnu-tools-for-stm32.7-2018-q2-update.win32_1.4.0.202007081208/tools/bin/../lib/gcc/arm-none-eabi/7.3.1/thumb/v7e-m/fpv4-sp/hard\libgcc.a(_arm_fixunsdfsi.o)
 .ARM.attributes
                0x0000000000000401       0x22 c:/st/stm32cubeide_1.4.0/stm32cubeide/plugins/com.st.stm32cube.ide.mcu.externaltools.gnu-tools-for-stm32.7-2018-q2-update.win32_1.4.0.202007081208/tools/bin/../lib/gcc/arm-none-eabi/7.3.1/thumb/v7e-m/fpv4-sp/hard\libgcc.a(_arm_truncdfsf2.o)
 .ARM.attributes
                0x0000000000000423       0x22 c:/st/stm32cubeide_1.4.0/stm32cubeide/plugins/com.st.stm32cube.ide.mcu.externaltools.gnu-tools-for-stm32.7-2018-q2-update.win32_1.4.0.202007081208/tools/bin/../lib/gcc/arm-none-eabi/7.3.1/thumb/v7e-m/fpv4-sp/hard/crtn.o
OUTPUT(Balancing Ball.elf elf32-littlearm)

.debug_info     0x0000000000000000     0x7705
 .debug_info    0x0000000000000000      0x49a Src/App/Balancing_Ball.o
 .debug_info    0x000000000000049a      0x334 Src/HAL/HSERVO/HSERVO_Prog.o
 .debug_info    0x00000000000007ce      0x353 Src/HAL/HULTRA_SONIC/HULTRA_SONIC_Prog.o
 .debug_info    0x0000000000000b21      0xc68 Src/MCAL/MEXTI/MEXTI_Prog.o
 .debug_info    0x0000000000001789       0x96 Src/MCAL/MFPU/MFPU_Prog.o
 .debug_info    0x000000000000181f      0xb6f Src/MCAL/MGPIO/MGPIO_Prog.o
 .debug_info    0x000000000000238e      0xddb Src/MCAL/MNVIC/MNVIC_Prog.o
 .debug_info    0x0000000000003169      0xbbc Src/MCAL/MRCC/MRCC_Prog.o
 .debug_info    0x0000000000003d25      0xbf4 Src/MCAL/MSPI/MSPI_Prog.o
 .debug_info    0x0000000000004919      0xbd4 Src/MCAL/MSTK/MSYSTICK_Prog.o
 .debug_info    0x00000000000054ed     0x13e2 Src/MCAL/MTIMER/MTIMER_Prog.o
 .debug_info    0x00000000000068cf      0xe14 Src/main.o
 .debug_info    0x00000000000076e3       0x22 Startup/startup_stm32f401rctx.o

.debug_abbrev   0x0000000000000000     0x14d9
 .debug_abbrev  0x0000000000000000      0x123 Src/App/Balancing_Ball.o
 .debug_abbrev  0x0000000000000123       0xf5 Src/HAL/HSERVO/HSERVO_Prog.o
 .debug_abbrev  0x0000000000000218       0xfe Src/HAL/HULTRA_SONIC/HULTRA_SONIC_Prog.o
 .debug_abbrev  0x0000000000000316      0x205 Src/MCAL/MEXTI/MEXTI_Prog.o
 .debug_abbrev  0x000000000000051b       0x47 Src/MCAL/MFPU/MFPU_Prog.o
 .debug_abbrev  0x0000000000000562      0x1e9 Src/MCAL/MGPIO/MGPIO_Prog.o
 .debug_abbrev  0x000000000000074b      0x228 Src/MCAL/MNVIC/MNVIC_Prog.o
 .debug_abbrev  0x0000000000000973      0x1cf Src/MCAL/MRCC/MRCC_Prog.o
 .debug_abbrev  0x0000000000000b42      0x238 Src/MCAL/MSPI/MSPI_Prog.o
 .debug_abbrev  0x0000000000000d7a      0x27f Src/MCAL/MSTK/MSYSTICK_Prog.o
 .debug_abbrev  0x0000000000000ff9      0x2f1 Src/MCAL/MTIMER/MTIMER_Prog.o
 .debug_abbrev  0x00000000000012ea      0x1dd Src/main.o
 .debug_abbrev  0x00000000000014c7       0x12 Startup/startup_stm32f401rctx.o

.debug_aranges  0x0000000000000000      0x450
 .debug_aranges
                0x0000000000000000       0x40 Src/App/Balancing_Ball.o
 .debug_aranges
                0x0000000000000040       0x28 Src/HAL/HSERVO/HSERVO_Prog.o
 .debug_aranges
                0x0000000000000068       0x30 Src/HAL/HULTRA_SONIC/HULTRA_SONIC_Prog.o
 .debug_aranges
                0x0000000000000098       0x98 Src/MCAL/MEXTI/MEXTI_Prog.o
 .debug_aranges
                0x0000000000000130       0x28 Src/MCAL/MFPU/MFPU_Prog.o
 .debug_aranges
                0x0000000000000158       0x58 Src/MCAL/MGPIO/MGPIO_Prog.o
 .debug_aranges
                0x00000000000001b0       0x58 Src/MCAL/MNVIC/MNVIC_Prog.o
 .debug_aranges
                0x0000000000000208       0x30 Src/MCAL/MRCC/MRCC_Prog.o
 .debug_aranges
                0x0000000000000238       0x80 Src/MCAL/MSPI/MSPI_Prog.o
 .debug_aranges
                0x00000000000002b8       0x70 Src/MCAL/MSTK/MSYSTICK_Prog.o
 .debug_aranges
                0x0000000000000328       0xc8 Src/MCAL/MTIMER/MTIMER_Prog.o
 .debug_aranges
                0x00000000000003f0       0x38 Src/main.o
 .debug_aranges
                0x0000000000000428       0x28 Startup/startup_stm32f401rctx.o

.debug_ranges   0x0000000000000000      0x388
 .debug_ranges  0x0000000000000000       0x30 Src/App/Balancing_Ball.o
 .debug_ranges  0x0000000000000030       0x18 Src/HAL/HSERVO/HSERVO_Prog.o
 .debug_ranges  0x0000000000000048       0x20 Src/HAL/HULTRA_SONIC/HULTRA_SONIC_Prog.o
 .debug_ranges  0x0000000000000068       0x88 Src/MCAL/MEXTI/MEXTI_Prog.o
 .debug_ranges  0x00000000000000f0       0x18 Src/MCAL/MFPU/MFPU_Prog.o
 .debug_ranges  0x0000000000000108       0x48 Src/MCAL/MGPIO/MGPIO_Prog.o
 .debug_ranges  0x0000000000000150       0x48 Src/MCAL/MNVIC/MNVIC_Prog.o
 .debug_ranges  0x0000000000000198       0x20 Src/MCAL/MRCC/MRCC_Prog.o
 .debug_ranges  0x00000000000001b8       0x70 Src/MCAL/MSPI/MSPI_Prog.o
 .debug_ranges  0x0000000000000228       0x60 Src/MCAL/MSTK/MSYSTICK_Prog.o
 .debug_ranges  0x0000000000000288       0xb8 Src/MCAL/MTIMER/MTIMER_Prog.o
 .debug_ranges  0x0000000000000340       0x28 Src/main.o
 .debug_ranges  0x0000000000000368       0x20 Startup/startup_stm32f401rctx.o

.debug_macro    0x0000000000000000     0x2836
 .debug_macro   0x0000000000000000       0x68 Src/App/Balancing_Ball.o
 .debug_macro   0x0000000000000068      0xa60 Src/App/Balancing_Ball.o
 .debug_macro   0x0000000000000ac8       0x3a Src/App/Balancing_Ball.o
 .debug_macro   0x0000000000000b02      0x130 Src/App/Balancing_Ball.o
 .debug_macro   0x0000000000000c32       0x10 Src/App/Balancing_Ball.o
 .debug_macro   0x0000000000000c42       0x60 Src/HAL/HSERVO/HSERVO_Prog.o
 .debug_macro   0x0000000000000ca2       0x1c Src/HAL/HSERVO/HSERVO_Prog.o
 .debug_macro   0x0000000000000cbe      0x130 Src/HAL/HSERVO/HSERVO_Prog.o
 .debug_macro   0x0000000000000dee       0x6e Src/HAL/HULTRA_SONIC/HULTRA_SONIC_Prog.o
 .debug_macro   0x0000000000000e5c       0x16 Src/HAL/HULTRA_SONIC/HULTRA_SONIC_Prog.o
 .debug_macro   0x0000000000000e72       0x3a Src/HAL/HULTRA_SONIC/HULTRA_SONIC_Prog.o
 .debug_macro   0x0000000000000eac      0x109 Src/MCAL/MEXTI/MEXTI_Prog.o
 .debug_macro   0x0000000000000fb5       0x52 Src/MCAL/MEXTI/MEXTI_Prog.o
 .debug_macro   0x0000000000001007       0x22 Src/MCAL/MEXTI/MEXTI_Prog.o
 .debug_macro   0x0000000000001029       0x40 Src/MCAL/MEXTI/MEXTI_Prog.o
 .debug_macro   0x0000000000001069       0x18 Src/MCAL/MEXTI/MEXTI_Prog.o
 .debug_macro   0x0000000000001081       0x94 Src/MCAL/MEXTI/MEXTI_Prog.o
 .debug_macro   0x0000000000001115       0x3c Src/MCAL/MEXTI/MEXTI_Prog.o
 .debug_macro   0x0000000000001151       0x34 Src/MCAL/MEXTI/MEXTI_Prog.o
 .debug_macro   0x0000000000001185      0x174 Src/MCAL/MEXTI/MEXTI_Prog.o
 .debug_macro   0x00000000000012f9       0x57 Src/MCAL/MEXTI/MEXTI_Prog.o
 .debug_macro   0x0000000000001350       0x52 Src/MCAL/MEXTI/MEXTI_Prog.o
 .debug_macro   0x00000000000013a2       0x1f Src/MCAL/MEXTI/MEXTI_Prog.o
 .debug_macro   0x00000000000013c1       0x43 Src/MCAL/MEXTI/MEXTI_Prog.o
 .debug_macro   0x0000000000001404       0x20 Src/MCAL/MEXTI/MEXTI_Prog.o
 .debug_macro   0x0000000000001424      0x1a3 Src/MCAL/MEXTI/MEXTI_Prog.o
 .debug_macro   0x00000000000015c7      0x330 Src/MCAL/MEXTI/MEXTI_Prog.o
 .debug_macro   0x00000000000018f7      0x1e1 Src/MCAL/MEXTI/MEXTI_Prog.o
 .debug_macro   0x0000000000001ad8       0x2e Src/MCAL/MEXTI/MEXTI_Prog.o
 .debug_macro   0x0000000000001b06       0x2e Src/MCAL/MEXTI/MEXTI_Prog.o
 .debug_macro   0x0000000000001b34       0x2a Src/MCAL/MFPU/MFPU_Prog.o
 .debug_macro   0x0000000000001b5e      0x103 Src/MCAL/MGPIO/MGPIO_Prog.o
 .debug_macro   0x0000000000001c61       0x2e Src/MCAL/MGPIO/MGPIO_Prog.o
 .debug_macro   0x0000000000001c8f      0x136 Src/MCAL/MGPIO/MGPIO_Prog.o
 .debug_macro   0x0000000000001dc5      0x103 Src/MCAL/MNVIC/MNVIC_Prog.o
 .debug_macro   0x0000000000001ec8       0x10 Src/MCAL/MNVIC/MNVIC_Prog.o
 .debug_macro   0x0000000000001ed8       0x22 Src/MCAL/MNVIC/MNVIC_Prog.o
 .debug_macro   0x0000000000001efa      0x109 Src/MCAL/MRCC/MRCC_Prog.o
 .debug_macro   0x0000000000002003       0x16 Src/MCAL/MRCC/MRCC_Prog.o
 .debug_macro   0x0000000000002019       0x7c Src/MCAL/MRCC/MRCC_Prog.o
 .debug_macro   0x0000000000002095      0x115 Src/MCAL/MSPI/MSPI_Prog.o
 .debug_macro   0x00000000000021aa       0x88 Src/MCAL/MSPI/MSPI_Prog.o
 .debug_macro   0x0000000000002232       0x6a Src/MCAL/MSPI/MSPI_Prog.o
 .debug_macro   0x000000000000229c       0x16 Src/MCAL/MSPI/MSPI_Prog.o
 .debug_macro   0x00000000000022b2      0x12a Src/MCAL/MSTK/MSYSTICK_Prog.o
 .debug_macro   0x00000000000023dc       0x2e Src/MCAL/MSTK/MSYSTICK_Prog.o
 .debug_macro   0x000000000000240a       0x2e Src/MCAL/MSTK/MSYSTICK_Prog.o
 .debug_macro   0x0000000000002438      0x11c Src/MCAL/MTIMER/MTIMER_Prog.o
 .debug_macro   0x0000000000002554      0x114 Src/MCAL/MTIMER/MTIMER_Prog.o
 .debug_macro   0x0000000000002668       0x10 Src/MCAL/MTIMER/MTIMER_Prog.o
 .debug_macro   0x0000000000002678      0x1be Src/main.o

.debug_line     0x0000000000000000     0x3fe9
 .debug_line    0x0000000000000000      0x334 Src/App/Balancing_Ball.o
 .debug_line    0x0000000000000334      0x269 Src/HAL/HSERVO/HSERVO_Prog.o
 .debug_line    0x000000000000059d      0x2e8 Src/HAL/HULTRA_SONIC/HULTRA_SONIC_Prog.o
 .debug_line    0x0000000000000885      0x66f Src/MCAL/MEXTI/MEXTI_Prog.o
 .debug_line    0x0000000000000ef4       0x97 Src/MCAL/MFPU/MFPU_Prog.o
 .debug_line    0x0000000000000f8b      0x616 Src/MCAL/MGPIO/MGPIO_Prog.o
 .debug_line    0x00000000000015a1      0x586 Src/MCAL/MNVIC/MNVIC_Prog.o
 .debug_line    0x0000000000001b27      0x558 Src/MCAL/MRCC/MRCC_Prog.o
 .debug_line    0x000000000000207f      0x6d9 Src/MCAL/MSPI/MSPI_Prog.o
 .debug_line    0x0000000000002758      0x6c8 Src/MCAL/MSTK/MSYSTICK_Prog.o
 .debug_line    0x0000000000002e20      0x836 Src/MCAL/MTIMER/MTIMER_Prog.o
 .debug_line    0x0000000000003656      0x90f Src/main.o
 .debug_line    0x0000000000003f65       0x84 Startup/startup_stm32f401rctx.o

.debug_str      0x0000000000000000     0x9a53
 .debug_str     0x0000000000000000     0x33de Src/App/Balancing_Ball.o
                                       0x348e (size before relaxing)
 .debug_str     0x00000000000033de      0x145 Src/HAL/HSERVO/HSERVO_Prog.o
                                       0x3376 (size before relaxing)
 .debug_str     0x0000000000003523      0x14b Src/HAL/HULTRA_SONIC/HULTRA_SONIC_Prog.o
                                       0x3457 (size before relaxing)
 .debug_str     0x000000000000366e     0x432b Src/MCAL/MEXTI/MEXTI_Prog.o
                                       0x7284 (size before relaxing)
 .debug_str     0x0000000000007999       0x75 Src/MCAL/MFPU/MFPU_Prog.o
                                       0x2e38 (size before relaxing)
 .debug_str     0x0000000000007a0e      0x2d2 Src/MCAL/MGPIO/MGPIO_Prog.o
                                       0x7476 (size before relaxing)
 .debug_str     0x0000000000007ce0      0x640 Src/MCAL/MNVIC/MNVIC_Prog.o
                                       0x74fd (size before relaxing)
 .debug_str     0x0000000000008320      0x3ac Src/MCAL/MRCC/MRCC_Prog.o
                                       0x7292 (size before relaxing)
 .debug_str     0x00000000000086cc      0x4bd Src/MCAL/MSPI/MSPI_Prog.o
                                       0x7669 (size before relaxing)
 .debug_str     0x0000000000008b89      0x2a3 Src/MCAL/MSTK/MSYSTICK_Prog.o
                                       0x74ff (size before relaxing)
 .debug_str     0x0000000000008e2c      0x823 Src/MCAL/MTIMER/MTIMER_Prog.o
                                       0x7ae7 (size before relaxing)
 .debug_str     0x000000000000964f      0x3d3 Src/main.o
                                       0x7e59 (size before relaxing)
 .debug_str     0x0000000000009a22       0x31 Startup/startup_stm32f401rctx.o
                                         0x63 (size before relaxing)

.comment        0x0000000000000000       0x7b
 .comment       0x0000000000000000       0x7b Src/App/Balancing_Ball.o
                                         0x7c (size before relaxing)
 .comment       0x000000000000007b       0x7c Src/HAL/HSERVO/HSERVO_Prog.o
 .comment       0x000000000000007b       0x7c Src/HAL/HULTRA_SONIC/HULTRA_SONIC_Prog.o
 .comment       0x000000000000007b       0x7c Src/MCAL/MEXTI/MEXTI_Prog.o
 .comment       0x000000000000007b       0x7c Src/MCAL/MFPU/MFPU_Prog.o
 .comment       0x000000000000007b       0x7c Src/MCAL/MGPIO/MGPIO_Prog.o
 .comment       0x000000000000007b       0x7c Src/MCAL/MNVIC/MNVIC_Prog.o
 .comment       0x000000000000007b       0x7c Src/MCAL/MRCC/MRCC_Prog.o
 .comment       0x000000000000007b       0x7c Src/MCAL/MSPI/MSPI_Prog.o
 .comment       0x000000000000007b       0x7c Src/MCAL/MSTK/MSYSTICK_Prog.o
 .comment       0x000000000000007b       0x7c Src/MCAL/MTIMER/MTIMER_Prog.o
 .comment       0x000000000000007b       0x7c Src/main.o

.debug_frame    0x0000000000000000     0x10d8
 .debug_frame   0x0000000000000000       0xc0 Src/App/Balancing_Ball.o
 .debug_frame   0x00000000000000c0       0x5c Src/HAL/HSERVO/HSERVO_Prog.o
 .debug_frame   0x000000000000011c       0x80 Src/HAL/HULTRA_SONIC/HULTRA_SONIC_Prog.o
 .debug_frame   0x000000000000019c      0x23c Src/MCAL/MEXTI/MEXTI_Prog.o
 .debug_frame   0x00000000000003d8       0x50 Src/MCAL/MFPU/MFPU_Prog.o
 .debug_frame   0x0000000000000428      0x150 Src/MCAL/MGPIO/MGPIO_Prog.o
 .debug_frame   0x0000000000000578      0x150 Src/MCAL/MNVIC/MNVIC_Prog.o
 .debug_frame   0x00000000000006c8       0x80 Src/MCAL/MRCC/MRCC_Prog.o
 .debug_frame   0x0000000000000748      0x1e8 Src/MCAL/MSPI/MSPI_Prog.o
 .debug_frame   0x0000000000000930      0x19c Src/MCAL/MSTK/MSYSTICK_Prog.o
 .debug_frame   0x0000000000000acc      0x334 Src/MCAL/MTIMER/MTIMER_Prog.o
 .debug_frame   0x0000000000000e00       0x80 Src/main.o
 .debug_frame   0x0000000000000e80       0x2c c:/st/stm32cubeide_1.4.0/stm32cubeide/plugins/com.st.stm32cube.ide.mcu.externaltools.gnu-tools-for-stm32.7-2018-q2-update.win32_1.4.0.202007081208/tools/bin/../lib/gcc/arm-none-eabi/7.3.1/../../../../arm-none-eabi/lib/thumb/v7e-m/fpv4-sp/hard\libc_nano.a(lib_a-init.o)
 .debug_frame   0x0000000000000eac       0xac c:/st/stm32cubeide_1.4.0/stm32cubeide/plugins/com.st.stm32cube.ide.mcu.externaltools.gnu-tools-for-stm32.7-2018-q2-update.win32_1.4.0.202007081208/tools/bin/../lib/gcc/arm-none-eabi/7.3.1/thumb/v7e-m/fpv4-sp/hard\libgcc.a(_arm_addsubdf3.o)
 .debug_frame   0x0000000000000f58       0x50 c:/st/stm32cubeide_1.4.0/stm32cubeide/plugins/com.st.stm32cube.ide.mcu.externaltools.gnu-tools-for-stm32.7-2018-q2-update.win32_1.4.0.202007081208/tools/bin/../lib/gcc/arm-none-eabi/7.3.1/thumb/v7e-m/fpv4-sp/hard\libgcc.a(_arm_muldivdf3.o)
 .debug_frame   0x0000000000000fa8       0xc4 c:/st/stm32cubeide_1.4.0/stm32cubeide/plugins/com.st.stm32cube.ide.mcu.externaltools.gnu-tools-for-stm32.7-2018-q2-update.win32_1.4.0.202007081208/tools/bin/../lib/gcc/arm-none-eabi/7.3.1/thumb/v7e-m/fpv4-sp/hard\libgcc.a(_arm_cmpdf2.o)
 .debug_frame   0x000000000000106c       0x24 c:/st/stm32cubeide_1.4.0/stm32cubeide/plugins/com.st.stm32cube.ide.mcu.externaltools.gnu-tools-for-stm32.7-2018-q2-update.win32_1.4.0.202007081208/tools/bin/../lib/gcc/arm-none-eabi/7.3.1/thumb/v7e-m/fpv4-sp/hard\libgcc.a(_arm_fixdfsi.o)
 .debug_frame   0x0000000000001090       0x24 c:/st/stm32cubeide_1.4.0/stm32cubeide/plugins/com.st.stm32cube.ide.mcu.externaltools.gnu-tools-for-stm32.7-2018-q2-update.win32_1.4.0.202007081208/tools/bin/../lib/gcc/arm-none-eabi/7.3.1/thumb/v7e-m/fpv4-sp/hard\libgcc.a(_arm_fixunsdfsi.o)
 .debug_frame   0x00000000000010b4       0x24 c:/st/stm32cubeide_1.4.0/stm32cubeide/plugins/com.st.stm32cube.ide.mcu.externaltools.gnu-tools-for-stm32.7-2018-q2-update.win32_1.4.0.202007081208/tools/bin/../lib/gcc/arm-none-eabi/7.3.1/thumb/v7e-m/fpv4-sp/hard\libgcc.a(_arm_truncdfsf2.o)
