MSYSTICK_Prog.c:40:6:MSYSTICK_vInit	4	static
MSYSTICK_Prog.c:63:6:MSYSTICK_vStartTime	4	static
MSYSTICK_Prog.c:80:6:MSYSTICK_vCntTimer	16	static
MSYSTICK_Prog.c:107:6:MSYSTICK_vPeriodicMS	24	static
MSYSTICK_Prog.c:144:6:MSYSTICK_vDelayms	24	static
MSYSTICK_Prog.c:188:6:MSYSTICK_vDelayMicroSec	24	static
MSYSTICK_Prog.c:223:5:MSYSTICK_f32GetElapsedTime	24	static
MSYSTICK_Prog.c:237:5:MSYSTICK_f32GetRemainingTime	16	static
MSYSTICK_Prog.c:250:6:MSYSTICK_vStop	4	static
MSYSTICK_Prog.c:263:6:MSYSTICK_vCallBack	16	static
MSYSTICK_Prog.c:274:6:SysTick_Handler	8	static
